// Jest Snapshot v1, https://goo.gl/fbAQLP

exports[`renders the character view 1`] = `
<div>
  <img
    height="600"
    src="https://vignette.wikia.nocookie.net/avatar/images/5/51/46th_Earth_King.png/revision/latest?cb=20130627160441"
    width="500"
  />
  <div>
    name: 
     
  </div>
  <div>
    position: 
  </div>
  <div>
    allies: 
    Royal Earthbender Guards
  </div>
</div>
`;
